dghca
g dcg
bbg
fahilk
jk j
cihkd
i k
ekfa
hldfib
lea
ildjk
l la
kkglj
dhlca
eaaaej
gb fih
ggabdc
fkf
ccfelg
c lfk
fgcgf
fgaj
ljalg
f
hkgjej
kjdlib
k ffi
jgjbcf
jege
jbcgch
bgd
eihjca
gjcbga
cbe
bkig
fh
edel
b j
jkekb
fhclif
ied db
