ek c g
dbhha
kdjg
e i
kcffh
ihki
hljaig
ecegde
gddjjh
e aj
li
fbif
diih
gj
jcgg b
kad i
dihaag
cc
iibe
gccek
behge
fa
gcej
bihb
bjk
kble
lj
bdfake
hdk
aihlb
hhfhih
j
lhjhje
lbchig
b la
ijc
eil
fbg
ddfih
cf
ajlifi
gejjbc
kjglaj
k
ilkigk
dckff
k f jd
aigig
b
dllgaf
kcb
icldgk
gkkk
gf lg
gchjel
jkeji
ddhgj
cicbb
ccikj
h
hjcaf
jbda
cbkg k
lekklb
ek
ikhabh
e j g
kdlbjh
dhfdak
aakgc
ddhbb
bic
hall
fkcjfd
cffd
il
eaijl
cdbke
fhfb j
gallg
b ifec
fjfehf
fla
j d
